// Jest Snapshot v1, https://goo.gl/fbAQLP

exports[`Testing google extractBody 1`] = `
Array [
  "blue jeans brands",
  "blue jeans brands list",
  "blue jeans brands from the 90s",
  "top blue jeans brands",
  "expensive blue jeans brands",
  "target blue jeans brands",
  "mens blue jeans brands",
  "western blue jeans brands",
  "famous blue jeans brands",
  "sargent blue jeans brands",
]
`;

exports[`Testing google extractBody 2`] = `
Array [
  "node.js",
  "node.js download",
  "node.js server-side javascript",
  "node.js tutorial",
  "node.js what is",
  "node.js express",
  "node.js cos'Ã¨",
  "node.js server-side javascript virus",
  "node.js windows 7",
  "node.js require",
]
`;
